[hydralauncher.gg/index.html]
[hydralauncher.gg/images/decor/texture-elips.svg]
[hydralauncher.gg/images/Hydra.avif]
[shared.steamstatic.com/store_item_assets/steam/apps/686060/aa8075d11165fef4d4d0d09c156f0da0623b5da1/header.jpg]
[shared.steamstatic.com/store_item_assets/steam/apps/2050650/header.jpg]
[shared.steamstatic.com/store_item_assets/steam/apps/322170/header.jpg]
[shared.steamstatic.com/store_item_assets/steam/apps/883710/header.jpg]
[shared.steamstatic.com/store_item_assets/steam/apps/3164500/header.jpg]
[shared.steamstatic.com/store_item_assets/steam/apps/1174180/header.jpg]
[shared.steamstatic.com/store_item_assets/steam/apps/1229490/header.jpg]
[shared.steamstatic.com/store_item_assets/steam/apps/1091500/e9047d8ec47ae3d94bb8b464fb0fc9e9972b4ac7/header.jpg]
[hydralauncher.gg/_next/static/chunks/7ba87a2a6f2eff0d.css]
[hydralauncher.gg/_next/static/chunks/c8e4b596dcca0fc8.js]
[hydralauncher.gg/_next/static/chunks/9d75a9d1263f1724.js]
[hydralauncher.gg/_next/static/chunks/d5d1d27cad6c556e.js]
[hydralauncher.gg/_next/static/chunks/2a7574e5d666aed4.js]
[hydralauncher.gg/_next/static/chunks/turbopack-c9c0f298f9ab8394.js]
[hydralauncher.gg/_next/static/chunks/4ba21a02dd1202d7.js]
[hydralauncher.gg/_next/static/chunks/8da99766bacf0ae7.js]
[hydralauncher.gg/_next/static/chunks/6323d419d23d8dd9.js]
[hydralauncher.gg/_next/static/chunks/80444e234f3a5325.js]
[hydralauncher.gg/_next/static/chunks/782803d7cf6db9c7.js]
[hydralauncher.gg/_next/static/chunks/fb3ad1b7984222d0.js]
[shared.steamstatic.com/store_item_assets/steam/apps/2322010/header.jpg]
[shared.steamstatic.com/store_item_assets/steam/apps/1245620/header.jpg]
[shared.steamstatic.com/store_item_assets/steam/apps/3764200/d478bccdd167e0d8e1f4760bcad7e6bcbbb3258d/header.jpg]
[shared.steamstatic.com/store_item_assets/steam/apps/2651280/header.jpg]
[shared.steamstatic.com/store_item_assets/steam/apps/1593500/header.jpg]
[shared.steamstatic.com/store_item_assets/steam/apps/1888930/header.jpg]
[shared.steamstatic.com/store_item_assets/steam/apps/2531310/header.jpg]
[shared.steamstatic.com/store_item_assets/steam/apps/2215430/header.jpg]
[shared.steamstatic.com/store_item_assets/steam/apps/250900/header.jpg]
[shared.steamstatic.com/store_item_assets/steam/apps/271590/header.jpg]
[shared.steamstatic.com/store_item_assets/steam/apps/993090/header.jpg]
[shared.steamstatic.com/store_item_assets/steam/apps/570940/header.jpg]
[shared.steamstatic.com/store_item_assets/steam/apps/1030300/header.jpg]
[shared.steamstatic.com/store_item_assets/steam/apps/418370/header.jpg]
[shared.steamstatic.com/store_item_assets/steam/apps/1222670/header.jpg]
[shared.steamstatic.com/store_item_assets/steam/apps/1623730/058bd87dc17a7179e07c446aa64d0574ca43ab9d/header.jpg]
[shared.steamstatic.com/store_item_assets/steam/apps/367520/header.jpg]
[shared.steamstatic.com/store_item_assets/steam/apps/1817070/header.jpg]
[shared.steamstatic.com/store_item_assets/steam/apps/2668510/header.jpg]
[shared.steamstatic.com/store_item_assets/steam/apps/268910/header.jpg]
[shared.steamstatic.com/store_item_assets/steam/apps/1551360/header.jpg]
[shared.steamstatic.com/store_item_assets/steam/apps/1086940/6b6b46089067683cecf6acfc92b39fc4c72e3fac/header.jpg]
[shared.steamstatic.com/store_item_assets/steam/apps/1790600/header.jpg]
[shared.steamstatic.com/store_item_assets/steam/apps/1326470/header.jpg]
[shared.steamstatic.com/store_item_assets/steam/apps/394360/67bbd0057627fc2244793bcdd09260c2539499cf/header.jpg]
[shared.steamstatic.com/store_item_assets/steam/apps/1196590/header.jpg]
[hydralauncher.gg/images/assets/bento1.webp]
[hydralauncher.gg/images/assets/bento1-m.webp]
[hydralauncher.gg/images/assets/bento2.webp]
[hydralauncher.gg/images/assets/bento2-m.webp]
[hydralauncher.gg/images/assets/bento3.webp]
[hydralauncher.gg/images/assets/bento3-m.webp]
[hydralauncher.gg/images/assets/bento4.webp]
[hydralauncher.gg/images/assets/bento4-m.webp]
[hydralauncher.gg/images/assets/bento5.webp]
[hydralauncher.gg/images/assets/bento5-m.webp]
[hydralauncher.gg/images/assets/bento6.webp]
[hydralauncher.gg/images/assets/bento6-m.webp]
[hydralauncher.gg/images/decor/cloud.svg]
[backblue.gif]
[fade.gif]
[index.html]
[hydralauncher.gg/images/decor/texture-cloud.svg]
[hydralauncher.gg/favicon28a7.ico]
[cdn.losbroxas.org/favicon-96x96.png]
[cdn.losbroxas.org/apple-touch-icon.png]
[hydralauncher.gg/_next/static/chunks/a6dad97d9634a72d.js]
[hydralauncher.gg/images/icons/star.svg]
[hydralauncher.gg/images/icons/hydra.svg]
[hydralauncher.gg/images/icons/i18n.svg]
[hydralauncher.gg/images/icons/menu.svg]
[hydralauncher.gg/images/icons/asterisk.svg]
[hydralauncher.gg/images/icons/telegram.svg]
[hydralauncher.gg/images/icons/windows.svg]
[hydralauncher.gg/images/icons/github.svg]
[hydralauncher.gg/images/icons/lightning.svg]
[hydralauncher.gg/images/icons/desktop-tower.svg]
[hydralauncher.gg/images/icons/rocket-launch.svg]
[hydralauncher.gg/images/icons/users-three.svg]
[hydralauncher.gg/images/decor/cloud-right.svg]
[hydralauncher.gg/images/decor/cloud-left.svg]
[hydralauncher.gg/images/icons/cloud-pill.svg]
[hydralauncher.gg/images/icons/cloud-1.svg]
[hydralauncher.gg/images/icons/cloud-2.svg]
[hydralauncher.gg/images/icons/cloud-3.svg]
[hydralauncher.gg/images/icons/cloud-4.svg]
[hydralauncher.gg/images/decor/download-frame.svg]
[hydralauncher.gg/images/decor/faq-frame.svg]
[hydralauncher.gg/images/icons/twitter.svg]
[hydralauncher.gg/images/icons/bluesky.svg]
[hydralauncher.gg/images/icons/tiktok.svg]
[hydralauncher.gg/index.html]
[hydralauncher.gg/images/decor/texture-elips.svg]
[hydralauncher.gg/images/icons/reddit.svg]
[hydralauncher.gg/images/texture.png]
[hydralauncher.gg/fonts/NotoSans.ttf]
[hydralauncher.gg/_next/static/chunks/7ba87a2a6f2eff0d.css]
[hydralauncher.gg/images/decor/cloud.svg]
[hydralauncher.gg/images/decor/texture-cloud.svg]
[hydralauncher.gg/images/icons/star.svg]
[hydralauncher.gg/images/icons/hydra.svg]
[hydralauncher.gg/images/icons/i18n.svg]
[hydralauncher.gg/images/icons/menu.svg]
[hydralauncher.gg/images/icons/asterisk.svg]
[hydralauncher.gg/images/icons/telegram.svg]
[hydralauncher.gg/images/icons/windows.svg]
[hydralauncher.gg/images/icons/github.svg]
[hydralauncher.gg/images/icons/lightning.svg]
[hydralauncher.gg/images/icons/desktop-tower.svg]
[hydralauncher.gg/images/icons/rocket-launch.svg]
[hydralauncher.gg/images/icons/users-three.svg]
[hydralauncher.gg/images/decor/cloud-right.svg]
[hydralauncher.gg/images/decor/cloud-left.svg]
[hydralauncher.gg/images/icons/cloud-pill.svg]
[hydralauncher.gg/images/icons/cloud-1.svg]
[hydralauncher.gg/images/icons/cloud-2.svg]
[hydralauncher.gg/images/icons/cloud-3.svg]
[hydralauncher.gg/images/icons/cloud-4.svg]
[hydralauncher.gg/images/decor/download-frame.svg]
[hydralauncher.gg/images/decor/faq-frame.svg]
[hydralauncher.gg/images/icons/twitter.svg]
[hydralauncher.gg/images/icons/bluesky.svg]
[hydralauncher.gg/images/icons/tiktok.svg]
[hydralauncher.gg/images/icons/reddit.svg]
[hydralauncher.gg/images/hero_noise.svg]
[hydralauncher.gg/images/hero_noise.svg]
